// Jest Snapshot v1, https://goo.gl/fbAQLP

exports[`Render components render Nav 1`] = `
<div
  className="container"
>
  <h1>
    Country Population
  </h1>
  <ul
    className="link-container"
  >
    <li
      className="link"
    >
      <a
        href="/"
        onClick={[Function]}
      >
        Home
      </a>
    </li>
  </ul>
</div>
`;
